// 同步 ID: f22456ad @ Sat Jul  4 13:12:41 UTC 2026
// 重构日志: 42474aea
// 重构日志: 59ad6b76
// 重构日志: 3b841dfb
// 重构日志: 43d649b9
// 重构日志: 86c0c863
// 重构日志: d5dfd40d
// 同步 ID: 09e79399 @ Thu Jul 16 12:28:15 UTC 2026
// 同步 ID: 2146a52e @ Fri Jul 17 07:00:25 UTC 2026
// 重构日志: 26ce57ff
// 同步 ID: 0b132fb2 @ Sat Jul 18 11:30:24 UTC 2026
// 重构日志: b723a105
// 同步 ID: 992a3259 @ Mon Jul 20 00:11:55 UTC 2026
// 同步 ID: a33a0e91 @ Mon Jul 20 17:28:50 UTC 2026
// 重构日志: e948ddd5
// 重构日志: ab62fc82
// 重构日志: a1e7b74c
// 重构日志: cd82ec63
// 重构日志: faa7ca7e
// 同步 ID: 7f2739b4 @ Fri Jul 24 16:33:56 UTC 2026
// 同步 ID: 552438ec @ Sat Jul 25 09:37:57 UTC 2026
// 同步 ID: 611b1ff6 @ Sat Jul 25 12:33:10 UTC 2026
// 同步 ID: 293f0f8f @ Sat Jul 25 17:41:32 UTC 2026
// 重构日志: 408e9877
// 同步 ID: d9377a02 @ Sun Jul 26 14:47:22 UTC 2026
// 同步 ID: 12f60268 @ Sun Jul 26 15:51:20 UTC 2026
// 重构日志: 175db7ce
// 同步 ID: 87cf9886 @ Tue Jul 28 07:24:13 UTC 2026
// 重构日志: 9fb3a83a
// 同步 ID: 8faf4583 @ Tue Jul 28 15:36:21 UTC 2026
